Microchip MPLAB XC8 Compiler V1.36 ()

Linker command line:

-W-3 --edf=/opt/microchip/xc8/v1.36/dat/en_msgs.txt -cs \
  -h+dist/default/production/Kallebol_elevation.X.production.sym \
  --cmf=dist/default/production/Kallebol_elevation.X.production.cmf -z \
  -Q16F874 -o/tmp/xcXfSQrLS \
  -Mdist/default/production/Kallebol_elevation.X.production.map -E1 \
  -ver=XC8 -ASTACK=0A0h-0fdh -pstack=STACK -ACODE=00h-07FFhx2 \
  -ASTRCODE=00h-0FFFh -ASTRING=00h-0FFhx16 -ACONST=00h-0FFhx16 \
  -AENTRY=00h-0FFhx16 -ABANK0=020h-07Dh -ABANK1=0A0h-0FDh \
  -ARAM=020h-07Dh,0A0h-0FDh -AABS1=020h-07Fh,0A0h-0FFh -ACOMMON=07Eh-07Fh \
  -ASFR0=00h-01Fh -ASFR1=080h-09Fh -ASFR2=0100h-017Dh -ASFR3=0180h-01FDh \
  -preset_vec=00h,intentry=04h,init,end_init -ppowerup=CODE -pcinit=CODE \
  -pfunctab=CODE -ACONFIG=02007h-02007h -pconfig=CONFIG -DCONFIG=2 \
  -AIDLOC=02000h-02003h -pidloc=IDLOC -DIDLOC=2 -AEEDATA=00h-07Fh/02100h \
  -peeprom_data=EEDATA -DEEDATA=2 -DCODE=2 -DSTRCODE=2 -DSTRING=2 -DCONST=2 \
  -DENTRY=2 -k /tmp/xcXnpbdN7.obj \
  dist/default/production/Kallebol_elevation.X.production.obj 

Object code version is 3.11

Machine type is 16F874



                Name                               Link     Load   Length Selector   Space Scale
/tmp/xcXnpbdN7.obj
                end_init                             11       11        2        8       0
                reset_vec                             0        0        2        0       0
                config                             2007     2007        1     400E       0
dist/default/production/Kallebol_elevation.X.production.obj
                cinit                                13       13       12        8       0
                intentry                              4        4        D        8       0
                text3                                DA       DA       2B        8       0
                text2                                25       25       51        8       0
                text1                                AF       AF       2B        8       0
                maintext                             76       76       39        8       0
                cstackBANK0                          20       20        B       20       1
                dataBANK0                            33       33        2       20       1
                bssBANK0                             2B       2B        8       20       1
                idataBANK0                          105      105        2        8       0

TOTAL           Name                               Link     Load   Length     Space
        CLASS   STACK          

        CLASS   CODE           
                end_init                             11       11        2         0
                cinit                                13       13       12         0
                intentry                              4        4        D         0
                reset_vec                             0        0        2         0
                text3                                DA       DA       2B         0
                text2                                25       25       51         0
                text1                                AF       AF       2B         0
                maintext                             76       76       39         0
                idataBANK0                          105      105        2         0

        CLASS   STRCODE        

        CLASS   STRING         

        CLASS   CONST          

        CLASS   ENTRY          

        CLASS   BANK0          
                cstackBANK0                          20       20        B         1
                dataBANK0                            33       33        2         1
                bssBANK0                             2B       2B        8         1

        CLASS   BANK1          

        CLASS   RAM            

        CLASS   ABS1           
                abs_s1                               7E       7E        2         1

        CLASS   COMMON         

        CLASS   SFR0           

        CLASS   SFR1           

        CLASS   SFR2           

        CLASS   SFR3           

        CLASS   CONFIG         
                config                             2007     2007        1         0

        CLASS   IDLOC          

        CLASS   EEDATA         

        CLASS   BANK3          

        CLASS   BANK2          



SEGMENTS        Name                           Load    Length   Top    Selector   Space  Class     Delta

                reset_vec                      000000  000002  000002         0       0  CODE        2
                intentry                       000004  000103  000107         8       0  CODE        2
                cstackBANK0                    000020  000015  000035        20       1  BANK0       1
                config                         002007  000001  002008      400E       0  CONFIG      2


UNUSED ADDRESS RANGES

        Name                Unused          Largest block    Delta
        BANK0            0035-007D             49           1
        BANK1            00A0-00FD             5E           1
        CODE             0002-0003              2           2
                         0107-0FFF            6F9
        CONST            0002-0003              2           2
                         0107-0FFF            100
        EEDATA           2100-217F             80           2
        ENTRY            0002-0003              2           2
                         0107-0FFF            100
        IDLOC            2000-2003              4           2
        RAM              0035-007D             49           1
                         00A0-00FD             5E
        SFR0             0000-001F             20           1
        SFR1             0080-009F             20           1
        SFR2             0100-017D             7E           1
        SFR3             0180-01FD             7E           1
        STACK            00A0-00FD             5E           1
        STRCODE          0002-0003              2           2
                         0107-0FFF            EF9
        STRING           0002-0003              2           2
                         0107-0FFF            100

                                  Symbol Table

_BRGH                    (abs)       04C2
_CREN                    (abs)       00C4
_FERR                    (abs)       00C2
_GIE                     (abs)       005F
_INTCONbits              (abs)       000B
_INTE                    (abs)       005C
_INTEDG                  (abs)       040E
_INTF                    (abs)       0059
_PEIE                    (abs)       005E
_PORTBbits               (abs)       0006
_PORTDbits               (abs)       0008
_PORTEbits               (abs)       0009
_RCIE                    (abs)       0465
_RCIF                    (abs)       0065
_RCREG                   (abs)       001A
_RX9                     (abs)       00C6
_SPBRG                   (abs)       0099
_SPEN                    (abs)       00C7
_SYNC                    (abs)       04C4
_TRISA                   (abs)       0085
_TRISB                   (abs)       0086
_TRISBbits               (abs)       0086
_TRISC                   (abs)       0087
_TRISDbits               (abs)       0088
_TRISEbits               (abs)       0089
__CFG_BOREN$ON           (abs)       0000
__CFG_CP$OFF             (abs)       0000
__CFG_CPD$OFF            (abs)       0000
__CFG_FOSC$XT            (abs)       0000
__CFG_LVP$OFF            (abs)       0000
__CFG_PWRTE$OFF          (abs)       0000
__CFG_WDTE$OFF           (abs)       0000
__CFG_WRT$OFF            (abs)       0000
__Habs1                  abs1        0000
__Hbank0                 bank0       0000
__Hbank1                 bank1       0000
__Hbank2                 bank2       0000
__Hbank3                 bank3       0000
__HbssBANK0              bssBANK0    0000
__Hcinit                 cinit       0025
__Hclrtext               clrtext     0000
__Hcode                  code        0000
__Hcommon                common      0000
__Hconfig                config      2008
__HcstackBANK0           cstackBANK0 0000
__HdataBANK0             dataBANK0   0000
__Heeprom_data           eeprom_data 0000
__Hend_init              end_init    0013
__Hfunctab               functab     0000
__HidataBANK0            idataBANK0  0000
__Hidloc                 idloc       0000
__Hinit                  init        0011
__Hintentry              intentry    0011
__Hmaintext              maintext    0000
__Hpowerup               powerup     0000
__Hram                   ram         0000
__Hreset_vec             reset_vec   0002
__Hsfr0                  sfr0        0000
__Hsfr1                  sfr1        0000
__Hsfr2                  sfr2        0000
__Hsfr3                  sfr3        0000
__Hspace_0               (abs)       2008
__Hspace_1               (abs)       0035
__Hspace_2               (abs)       0000
__Hspace_3               (abs)       0000
__Hstack                 stack       0000
__Hstrings               strings     0000
__Htext                  text        0000
__Labs1                  abs1        0000
__Lbank0                 bank0       0000
__Lbank1                 bank1       0000
__Lbank2                 bank2       0000
__Lbank3                 bank3       0000
__LbssBANK0              bssBANK0    0000
__Lcinit                 cinit       0013
__Lclrtext               clrtext     0000
__Lcode                  code        0000
__Lcommon                common      0000
__Lconfig                config      2007
__LcstackBANK0           cstackBANK0 0000
__LdataBANK0             dataBANK0   0000
__Leeprom_data           eeprom_data 0000
__Lend_init              end_init    0011
__Lfunctab               functab     0000
__LidataBANK0            idataBANK0  0000
__Lidloc                 idloc       0000
__Linit                  init        0011
__Lintentry              intentry    0004
__Lmaintext              maintext    0000
__Lpowerup               powerup     0000
__Lram                   ram         0000
__Lreset_vec             reset_vec   0000
__Lsfr0                  sfr0        0000
__Lsfr1                  sfr1        0000
__Lsfr2                  sfr2        0000
__Lsfr3                  sfr3        0000
__Lspace_0               (abs)       0000
__Lspace_1               (abs)       0000
__Lspace_2               (abs)       0000
__Lspace_3               (abs)       0000
__Lstack                 stack       0000
__Lstrings               strings     0000
__Ltext                  text        0000
__S0                     (abs)       2008
__S1                     (abs)       0035
__S2                     (abs)       0000
__S3                     (abs)       0000
___int_sp                stack       0000
___latbits               (abs)       0001
___sp                    stack       0000
__end_of__initialization cinit       0022
__end_of_check_target    text1       00DA
__end_of_isr             text2       0076
__end_of_main            maintext    00AF
__end_ofi1_check_target  text3       0105
__initialization         cinit       0013
__pbssBANK0              bssBANK0    002B
__pcstackBANK0           cstackBANK0 0020
__pdataBANK0             dataBANK0   0033
__pidataBANK0            idataBANK0  0105
__pintentry              intentry    0004
__pmaintext              maintext    0076
__ptext1                 text1       00AF
__ptext2                 text2       0025
__ptext3                 text3       00DA
__size_of_check_target   (abs)       0000
__size_of_isr            (abs)       0000
__size_of_main           (abs)       0000
__size_ofi1_check_target (abs)       0000
_check_target            text1       00AF
_goto_pos                bssBANK0    002B
_input_command           bssBANK0    002D
_isr                     text2       0025
_isr$208                 cstackBANK0 0027
_main                    maintext    0076
_position                bssBANK0    002F
_recived_data            bssBANK0    0031
_wait_for_UART           bssBANK0    0032
btemp                    (abs)       007E
end_of_initialization    cinit       0022
i1_check_target          text3       00DA
interrupt_function       intentry    0004
intlevel0                functab     0000
intlevel1                functab     0000
intlevel2                functab     0000
intlevel3                functab     0000
intlevel4                functab     0000
intlevel5                functab     0000
ltemp                    (abs)       007E
ltemp0                   (abs)       007E
ltemp1                   (abs)       0082
ltemp2                   (abs)       0086
ltemp3                   (abs)       0080
reset_vec                reset_vec   0000
saved_w                  (abs)       007E
stackhi                  (abs)       0000
stacklo                  (abs)       0000
start                    init        0011
start_initialization     cinit       0013
ttemp                    (abs)       007E
ttemp0                   (abs)       007E
ttemp1                   (abs)       0081
ttemp2                   (abs)       0084
ttemp3                   (abs)       0087
ttemp4                   (abs)       007F
wtemp                    (abs)       007E
wtemp0                   (abs)       007E
wtemp1                   (abs)       0080
wtemp2                   (abs)       0082
wtemp3                   (abs)       0084
wtemp4                   (abs)       0086
wtemp5                   (abs)       0088
wtemp6                   (abs)       007F


FUNCTION INFORMATION:

 *************** function _main *****************
 Defined at:
		line 99 in file "elevation_main.c"
 Parameters:    Size  Location     Type
		None
 Auto vars:     Size  Location     Type
		None
 Return value:  Size  Location     Type
                  1    wreg      void 
 Registers used:
		wreg, status,2, status,0, pclath, cstack
 Tracked objects:
		On entry : 
		On exit  : 
		Unchanged: 
 Data sizes:     COMMON   BANK0   BANK1
      Params:         0       0       0
      Locals:         0       0       0
      Temps:          0       2       0
      Totals:         0       2       0
Total ram usage:        2 bytes
 Hardware stack levels required when called:    3
 This function calls:
		_check_target
 This function is called by:
		Startup code after reset
 This function uses a non-reentrant model


 *************** function _check_target *****************
 Defined at:
		line 44 in file "elevation_main.c"
 Parameters:    Size  Location     Type
		None
 Auto vars:     Size  Location     Type
		None
 Return value:  Size  Location     Type
                  1    wreg      void 
 Registers used:
		wreg
 Tracked objects:
		On entry : 
		On exit  : 
		Unchanged: 
 Data sizes:     COMMON   BANK0   BANK1
      Params:         0       0       0
      Locals:         0       0       0
      Temps:          0       1       0
      Totals:         0       1       0
Total ram usage:        1 bytes
 Hardware stack levels used:    1
 Hardware stack levels required when called:    2
 This function calls:
		Nothing
 This function is called by:
		_main
 This function uses a non-reentrant model


 *************** function _isr *****************
 Defined at:
		line 62 in file "elevation_main.c"
 Parameters:    Size  Location     Type
		None
 Auto vars:     Size  Location     Type
		None
 Return value:  Size  Location     Type
                  1    wreg      void 
 Registers used:
		wreg, status,2, status,0, btemp+1, pclath, cstack
 Tracked objects:
		On entry : 
		On exit  : 
		Unchanged: 
 Data sizes:     COMMON   BANK0   BANK1
      Params:         0       0       0
      Locals:         0       1       0
      Temps:          0       6       0
      Totals:         0       7       0
Total ram usage:        7 bytes
 Hardware stack levels used:    1
 Hardware stack levels required when called:    1
 This function calls:
		i1_check_target
 This function is called by:
		Interrupt level 1
 This function uses a non-reentrant model


 *************** function i1_check_target *****************
 Defined at:
		line 44 in file "elevation_main.c"
 Parameters:    Size  Location     Type
		None
 Auto vars:     Size  Location     Type
		None
 Return value:  Size  Location     Type
                  1    wreg      void 
 Registers used:
		wreg
 Tracked objects:
		On entry : 
		On exit  : 
		Unchanged: 
 Data sizes:     COMMON   BANK0   BANK1
      Params:         0       0       0
      Locals:         0       0       0
      Temps:          0       1       0
      Totals:         0       1       0
Total ram usage:        1 bytes
 Hardware stack levels used:    1
 This function calls:
		Nothing
 This function is called by:
		_isr
 This function uses a non-reentrant model



MODULE INFORMATION

Module		Function		Class		Link	Load	Size
elevation_main.c
		_check_target  		CODE           	00AF	0000	44
		_main          		CODE           	0076	0000	58
		_isr           		CODE           	0025	0000	82

elevation_main.c estimated size: 184

shared
		i1_check_target		CODE           	00DA	0000	44
		__initialization		CODE           	0013	0000	16

shared estimated size: 60

